// Vitest Snapshot v1, https://vitest.dev/guide/snapshot.html

exports[`Rating > matches the snapshot 1`] = `
"<div role="radiogroup">
  <div class="cursor-pointer py-2 text-yellow-400" role="radio" aria-checked="false" aria-label="Rating 1"> ★ </div>
  <div class="cursor-pointer py-2 text-yellow-400" role="radio" aria-checked="false" aria-label="Rating 2"> ★ </div>
  <div class="cursor-pointer py-2 text-gray-400" role="radio" aria-checked="false" aria-label="Rating 3"> ★ </div>
  <div class="cursor-pointer py-2 text-gray-400" role="radio" aria-checked="false" aria-label="Rating 4"> ★ </div>
  <div class="cursor-pointer py-2 text-gray-400" role="radio" aria-checked="false" aria-label="Rating 5"> ★ </div>
</div>"
`;
